17:10:15 **** Incremental Build of configuration Debug for project cortex_m_project ****
make -j8 all 
arm-none-eabi-g++ "../Core/Src/app_main.cpp" -mcpu=cortex-m7 -std=gnu++14 -g3 -DDEBUG -DUSE_PWR_LDO_SUPPLY -DUSE_HAL_DRIVER -DSTM32H743xx -c -I../Core/Inc -I../Drivers/STM32H7xx_HAL_Driver/Inc -I../Drivers/STM32H7xx_HAL_Driver/Inc/Legacy -I../Drivers/CMSIS/Device/ST/STM32H7xx/Include -I../Drivers/CMSIS/Include -I"D:/CortexM/CortexM_Project/cortex_m_project/EdgeImpulse" -Ofast -ffunction-sections -fdata-sections -fno-exceptions -fno-rtti -fno-use-cxa-atexit -Wall -fstack-usage -fcyclomatic-complexity -MMD -MP -MF"Core/Src/app_main.d" -MT"Core/Src/app_main.o" --specs=nano.specs -mfpu=fpv5-d16 -mfloat-abi=hard -mthumb -o "Core/Src/app_main.o"
In file included from D:/CortexM/CortexM_Project/cortex_m_project/EdgeImpulse/edge-impulse-sdk/classifier/ei_classifier_types.h:40,
                 from D:/CortexM/CortexM_Project/cortex_m_project/EdgeImpulse/edge-impulse-sdk/classifier/ei_model_types.h:40,
                 from D:/CortexM/CortexM_Project/cortex_m_project/EdgeImpulse/edge-impulse-sdk/classifier/ei_run_classifier.h:38,
                 from ../Core/Src/app_main.cpp:2:
D:/CortexM/CortexM_Project/cortex_m_project/EdgeImpulse/model-parameters/model_metadata.h:113:2: warning: #warning 'EI_CLASSFIER_OBJECT_DETECTION_COUNT' is used for the guaranteed minimum number of objects detected. To get all objects during inference use 'bounding_boxes_count' from the 'ei_impulse_result_t' struct instead. [-Wcpp]
  113 | #warning 'EI_CLASSFIER_OBJECT_DETECTION_COUNT' is used for the guaranteed minimum number of objects detected. To get all objects during inference use 'bounding_boxes_count' from the 'ei_impulse_result_t' struct instead.
      |  ^~~~~~~
In file included from D:/CortexM/CortexM_Project/cortex_m_project/EdgeImpulse/edge-impulse-sdk/classifier/ei_model_types.h:42:
D:/CortexM/CortexM_Project/cortex_m_project/EdgeImpulse/edge-impulse-sdk/dsp/numpy.hpp: In static member function 'static float ei::numpy::log(float)':
D:/CortexM/CortexM_Project/cortex_m_project/EdgeImpulse/edge-impulse-sdk/dsp/numpy.hpp:1570:15: warning: 'g' is used uninitialized [-Wuninitialized]
 1570 |         float m = (float) * ((float *)&g);
      |               ^
D:/CortexM/CortexM_Project/cortex_m_project/EdgeImpulse/edge-impulse-sdk/dsp/numpy.hpp:1567:17: note: 'g' declared here
 1567 |         int32_t g = (int32_t) * ((int32_t *)&a);
      |                 ^
arm-none-eabi-g++ -o "cortex_m_project.elf" @"objects.list"   -mcpu=cortex-m7 -T"D:\CortexM\CortexM_Project\cortex_m_project\STM32H743XIHX_FLASH.ld" -Wl,-Map="cortex_m_project.map" -Wl,--gc-sections -static --specs=nano.specs -mfpu=fpv5-d16 -mfloat-abi=hard -mthumb -u _printf_float -u _scanf_float -Wl,--start-group -lc -lm -lstdc++ -lsupc++ -Wl,--end-group
Finished building target: cortex_m_project.elf
 
arm-none-eabi-size  cortex_m_project.elf 
arm-none-eabi-objdump -h -S cortex_m_project.elf  > "cortex_m_project.list"
   text	   data	    bss	    dec	    hex	filename
1368712	   3340	   3368	1375420	 14fcbc	cortex_m_project.elf
Finished building: default.size.stdout
 
Finished building: cortex_m_project.list
 
